2026-01-01 16:18:08 - INFO - main - >>>>> Stage : Data Ingestion Stage started execution <<<<<
2026-01-01 16:18:08 - INFO - common_utils - yaml file: config/config.yaml is loaded successfully 🥳
2026-01-01 16:18:08 - INFO - common_utils - yaml file: params.yaml is loaded successfully 🥳
2026-01-01 16:18:08 - INFO - common_utils - yaml file: schema.yaml is loaded successfully 🥳
2026-01-01 16:18:08 - INFO - common_utils - Created directory Successfuly at: artifacts 🥳
2026-01-01 16:18:08 - INFO - common_utils - Created directory Successfuly at: artifacts/data_ingestion 🥳
2026-01-01 16:18:09 - INFO - data_ingestion - artifacts/data_ingestion/data.zip download! with following info : Connection: close
Content-Length: 23329
Cache-Control: max-age=300
Content-Security-Policy: default-src 'none'; style-src 'unsafe-inline'; sandbox
Content-Type: application/zip
ETag: "c69888a4ae59bc5a893392785a938ccd4937981c06ba8a9d6a21aa52b4ab5b6e"
Strict-Transport-Security: max-age=31536000
X-Content-Type-Options: nosniff
X-Frame-Options: deny
X-XSS-Protection: 1; mode=block
X-GitHub-Request-Id: 505E:2C86DB:18686DD:2B03A15:69569E40
Accept-Ranges: bytes
Date: Thu, 01 Jan 2026 16:18:09 GMT
Via: 1.1 varnish
X-Served-By: cache-sin-wsss1830089-SIN
X-Cache: MISS
X-Cache-Hits: 0
X-Timer: S1767284289.419240,VS0,VE286
Vary: Authorization,Accept-Encoding
Access-Control-Allow-Origin: *
Cross-Origin-Resource-Policy: cross-origin
X-Fastly-Request-ID: 1c364473618a9848108128251786aa6d343ed507
Expires: Thu, 01 Jan 2026 16:23:09 GMT
Source-Age: 0


2026-01-01 16:18:09 - INFO - main - >>>> Stage: Data Ingestion Stage completed <<<<
2026-01-05 11:58:12 - INFO - common_utils - yaml file: config/config.yaml is loaded successfully 🥳
2026-01-05 11:58:12 - INFO - common_utils - yaml file: params.yaml is loaded successfully 🥳
2026-01-05 11:58:12 - INFO - common_utils - yaml file: schema.yaml is loaded successfully 🥳
2026-01-05 11:58:12 - INFO - common_utils - Created directory Successfuly at: artifacts 🥳
2026-01-05 11:58:12 - INFO - common_utils - Created directory Successfuly at: artifacts/data_validation 🥳
2026-01-05 12:05:50 - INFO - common_utils - yaml file: config/config.yaml is loaded successfully 🥳
2026-01-05 12:05:50 - INFO - common_utils - yaml file: params.yaml is loaded successfully 🥳
2026-01-05 12:05:50 - INFO - common_utils - yaml file: schema.yaml is loaded successfully 🥳
2026-01-05 12:05:50 - INFO - common_utils - Created directory Successfuly at: artifacts 🥳
2026-01-05 12:05:50 - INFO - common_utils - Created directory Successfuly at: artifacts/data_validation 🥳
2026-01-05 12:07:27 - INFO - common_utils - yaml file: config/config.yaml is loaded successfully 🥳
2026-01-05 12:07:27 - INFO - common_utils - yaml file: params.yaml is loaded successfully 🥳
2026-01-05 12:07:27 - INFO - common_utils - yaml file: schema.yaml is loaded successfully 🥳
2026-01-05 12:07:27 - INFO - common_utils - Created directory Successfuly at: artifacts 🥳
2026-01-05 12:07:27 - INFO - common_utils - Created directory Successfuly at: artifacts/data_validation 🥳
2026-01-05 13:45:43 - INFO - common_utils - yaml file: config/config.yaml is loaded successfully 🥳
2026-01-05 13:45:43 - INFO - common_utils - yaml file: params.yaml is loaded successfully 🥳
2026-01-05 13:45:43 - INFO - common_utils - yaml file: schema.yaml is loaded successfully 🥳
2026-01-05 13:45:43 - INFO - common_utils - Created directory Successfuly at: artifacts 🥳
2026-01-05 13:45:43 - INFO - common_utils - Created directory Successfuly at: artifacts/data_validation 🥳
2026-01-05 13:47:46 - INFO - common_utils - yaml file: config/config.yaml is loaded successfully 🥳
2026-01-05 13:47:46 - INFO - common_utils - yaml file: params.yaml is loaded successfully 🥳
2026-01-05 13:47:46 - INFO - common_utils - yaml file: schema.yaml is loaded successfully 🥳
2026-01-05 13:47:46 - INFO - common_utils - Created directory Successfuly at: artifacts 🥳
2026-01-05 13:47:46 - INFO - common_utils - Created directory Successfuly at: artifacts/data_validation 🥳
2026-01-05 14:29:53 - INFO - main - >>>>> Stage : Data Ingestion Stage started execution <<<<<
2026-01-05 14:29:53 - INFO - common_utils - yaml file: config/config.yaml is loaded successfully 🥳
2026-01-05 14:29:53 - INFO - common_utils - yaml file: params.yaml is loaded successfully 🥳
2026-01-05 14:29:53 - INFO - common_utils - yaml file: schema.yaml is loaded successfully 🥳
2026-01-05 14:29:53 - INFO - common_utils - Created directory Successfuly at: artifacts 🥳
2026-01-05 14:29:53 - INFO - common_utils - Created directory Successfuly at: artifacts/data_ingestion 🥳
2026-01-05 14:29:53 - INFO - data_ingestion - The file already exists in the local repository
2026-01-05 14:29:53 - INFO - main - >>>> Stage: Data Ingestion Stage completed <<<<
2026-01-05 14:29:53 - INFO - main - >>>>> Stage : Data Validation Stage started execution <<<<<
2026-01-05 14:29:53 - ERROR - main - 'DataIngestionTrainingPipeline' object has no attribute 'initiate_data_validation'
Traceback (most recent call last):
  File "/workspaces/End-to-End-MLOps-Bootcamp-Build-Deploy-and-Automate-ML-with-Data-Science-Projects/myFirstNewProject/main.py", line 21, in <module>
    data_ingestion.initiate_data_validation()
    ^^^^^^^^^^^^^^^^^^^^^^^^^^^^^^^^^^^^^^^
AttributeError: 'DataIngestionTrainingPipeline' object has no attribute 'initiate_data_validation'. Did you mean: 'initiate_data_ingestion'?
2026-01-05 14:32:49 - INFO - main - >>>>> Stage : Data Ingestion Stage started execution <<<<<
2026-01-05 14:32:49 - INFO - common_utils - yaml file: config/config.yaml is loaded successfully 🥳
2026-01-05 14:32:49 - INFO - common_utils - yaml file: params.yaml is loaded successfully 🥳
2026-01-05 14:32:49 - INFO - common_utils - yaml file: schema.yaml is loaded successfully 🥳
2026-01-05 14:32:49 - INFO - common_utils - Created directory Successfuly at: artifacts 🥳
2026-01-05 14:32:49 - INFO - common_utils - Created directory Successfuly at: artifacts/data_ingestion 🥳
2026-01-05 14:32:49 - INFO - data_ingestion - The file already exists in the local repository
2026-01-05 14:32:49 - INFO - main - >>>> Stage: Data Ingestion Stage completed <<<<
2026-01-05 14:32:49 - INFO - main - >>>>> Stage : Data Validation Stage started execution <<<<<
2026-01-05 14:32:49 - INFO - common_utils - yaml file: config/config.yaml is loaded successfully 🥳
2026-01-05 14:32:49 - INFO - common_utils - yaml file: params.yaml is loaded successfully 🥳
2026-01-05 14:32:49 - INFO - common_utils - yaml file: schema.yaml is loaded successfully 🥳
2026-01-05 14:32:49 - INFO - common_utils - Created directory Successfuly at: artifacts 🥳
2026-01-05 14:32:49 - INFO - common_utils - Created directory Successfuly at: artifacts/data_validation 🥳
2026-01-05 14:32:49 - INFO - main - >>>> Stage: Data Validation Stage completed <<<<
